// Jest Snapshot v1, https://goo.gl/fbAQLP

exports[`Headerz component renders a header 1`] = `
<Fragment>
  <header
    className="Header"
  >
    <nav>
      <ul>
        <li>
          <a
            className="active"
            href="#"
          >
            Home
          </a>
        </li>
        <li>
          <a
            href="#"
          >
            About
          </a>
        </li>
        <li>
          <a
            href="#"
          >
            Documentation
          </a>
        </li>
      </ul>
    </nav>
    <section>
      <h1>
        The MAD LIB MAD LIBS FOR YOUR MAD LIBS MADDDDDD
      </h1>
      <h2>
        Make a mad lib! Need to learn the rules? Fuck you!
      </h2>
    </section>
  </header>
</Fragment>
`;
